\BOOKMARK [0][-]{chapter.1}{\376\377\000H\000o\000w\000\040\000t\000o\000\040\000R\000e\000a\000d\000\040\000T\000h\000i\000s\000\040\000D\000o\000c\000u\000m\000e\000n\000t}{}% 1
\BOOKMARK [1][-]{section.1.1}{\376\377\000W\000h\000a\000t\000\040\000t\000h\000i\000s\000\040\000d\000o\000c\000u\000m\000e\000n\000t\000\040\000i\000s\000\040\000f\000o\000r}{chapter.1}% 2
\BOOKMARK [1][-]{section.1.2}{\376\377\000A\000\040\000o\000n\000e\000-\000p\000a\000g\000e\000\040\000m\000a\000p\000\040\000o\000f\000\040\000t\000h\000e\000\040\000f\000o\000u\000r\000\040\000e\000x\000p\000e\000r\000i\000m\000e\000n\000t\000s}{chapter.1}% 3
\BOOKMARK [1][-]{section.1.3}{\376\377\000H\000o\000w\000\040\000t\000o\000\040\000u\000s\000e\000\040\000t\000h\000i\000s\000\040\000r\000e\000p\000o\000r\000t\000\040\000w\000h\000e\000n\000\040\000w\000r\000i\000t\000i\000n\000g\000\040\000t\000h\000e\000\040\000p\000a\000p\000e\000r}{chapter.1}% 4
\BOOKMARK [0][-]{chapter.2}{\376\377\000E\000x\000e\000c\000u\000t\000i\000v\000e\000\040\000S\000u\000m\000m\000a\000r\000y}{}% 5
\BOOKMARK [1][-]{section.2.1}{\376\377\000H\000e\000a\000d\000l\000i\000n\000e\000\040\0001\000B\000\040\000f\000i\000n\000d\000i\000n\000g\000s}{chapter.2}% 6
\BOOKMARK [1][-]{section.2.2}{\376\377\000H\000e\000a\000d\000l\000i\000n\000e\000\040\0001\000C\000\040\000f\000i\000n\000d\000i\000n\000g\000s}{chapter.2}% 7
\BOOKMARK [1][-]{section.2.3}{\376\377\000H\000e\000a\000d\000l\000i\000n\000e\000\040\0001\000D\000\040\000f\000i\000n\000d\000i\000n\000g\000s}{chapter.2}% 8
\BOOKMARK [0][-]{chapter.3}{\376\377\000S\000c\000i\000e\000n\000t\000i\000f\000i\000c\000\040\000C\000o\000n\000t\000e\000x\000t\000\040\000a\000n\000d\000\040\000M\000o\000t\000i\000v\000a\000t\000i\000o\000n}{}% 9
\BOOKMARK [1][-]{section.3.1}{\376\377\000T\000h\000e\000\040\000e\000v\000e\000r\000y\000d\000a\000y\000\040\000p\000i\000c\000t\000u\000r\000e}{chapter.3}% 10
\BOOKMARK [1][-]{section.3.2}{\376\377\000W\000h\000a\000t\000\040\000p\000r\000o\000b\000l\000e\000m\000\040\000i\000s\000\040\000b\000e\000i\000n\000g\000\040\000s\000t\000u\000d\000i\000e\000d\000?}{chapter.3}% 11
\BOOKMARK [1][-]{section.3.3}{\376\377\000W\000h\000y\000\040\000`\000`\000g\000e\000o\000m\000e\000t\000r\000y\000'\000'\000\040\000i\000s\000\040\000n\000o\000t\000\040\000a\000\040\000m\000e\000t\000a\000p\000h\000o\000r\000\040\000f\000o\000r\000\040\0003\000-\000D\000\040\000s\000p\000a\000c\000e}{chapter.3}% 12
\BOOKMARK [1][-]{section.3.4}{\376\377\000W\000h\000y\000\040\000s\000t\000a\000g\000e\000d\000\040\000e\000x\000p\000e\000r\000i\000m\000e\000n\000t\000s\000\040\000b\000e\000f\000o\000r\000e\000\040\000t\000r\000a\000i\000n\000i\000n\000g\000\040\000a\000\040\000l\000a\000r\000g\000e\000\040\000l\000a\000n\000g\000u\000a\000g\000e\000\040\000m\000o\000d\000e\000l\000?}{chapter.3}% 13
\BOOKMARK [0][-]{chapter.4}{\376\377\000P\000a\000r\000a\000m\000e\000t\000e\000r\000i\000z\000a\000t\000i\000o\000n\000\040\000a\000n\000d\000\040\000T\000e\000r\000m\000i\000n\000o\000l\000o\000g\000y\000\040\000G\000l\000o\000s\000s\000a\000r\000y}{}% 14
\BOOKMARK [1][-]{section.4.1}{\376\377\000C\000o\000e\000f\000f\000i\000c\000i\000e\000n\000t\000\040\000t\000u\000p\000l\000e\000\040\000\050\000s\000,\000\040\000a\000l\000p\000h\000a\000,\000\040\000b\000e\000t\000a\000,\000\040\000g\000a\000m\000m\000a\000\051}{chapter.4}% 15
\BOOKMARK [2][-]{subsection.4.1.1}{\376\377\000T\000h\000e\000\040\000t\000w\000o\000\040\000s\000c\000a\000l\000e\000s\000\040\000t\000h\000a\000t\000\040\000p\000e\000o\000p\000l\000e\000\040\000m\000i\000x\000\040\000u\000p}{section.4.1}% 16
\BOOKMARK [2][-]{subsection.4.1.2}{\376\377\000s\000\040\000i\000s\000\040\000a\000l\000r\000e\000a\000d\000y\000\040\000a\000\040\0001\000/\000s\000q\000r\000t\000\050\000d\000\051\000\040\000m\000u\000l\000t\000i\000p\000l\000i\000e\000r\000,\000\040\000a\000n\000d\000\040\000t\000h\000a\000t\000\040\000i\000s\000\040\000n\000o\000t\000\040\000w\000h\000y\000\040\000i\000t\000\040\000f\000a\000i\000l\000s\000\040\000t\000o\000\040\000t\000r\000a\000n\000s\000f\000e\000r}{section.4.1}% 17
\BOOKMARK [1][-]{section.4.2}{\376\377\000T\000o\000k\000e\000n\000\040\000g\000e\000o\000m\000e\000t\000r\000y\000\040\000n\000o\000t\000a\000t\000i\000o\000n}{chapter.4}% 18
\BOOKMARK [1][-]{section.4.3}{\376\377\000A\000t\000t\000e\000n\000t\000i\000o\000n\000-\000d\000i\000s\000t\000r\000i\000b\000u\000t\000i\000o\000n\000\040\000m\000e\000t\000r\000i\000c\000s\000\040\000\050\0001\000B\000\051}{chapter.4}% 19
\BOOKMARK [1][-]{section.4.4}{\376\377\000P\000r\000e\000r\000e\000g\000i\000s\000t\000e\000r\000e\000d\000\040\000d\000e\000s\000c\000r\000i\000p\000t\000i\000v\000e\000\040\000l\000a\000b\000e\000l\000s}{chapter.4}% 20
\BOOKMARK [0][-]{chapter.5}{\376\377\000E\000x\000p\000e\000r\000i\000m\000e\000n\000t\000\040\0001\000A\000:\000\040\000M\000a\000t\000h\000e\000m\000a\000t\000i\000c\000a\000l\000\040\000a\000n\000d\000\040\000I\000m\000p\000l\000e\000m\000e\000n\000t\000a\000t\000i\000o\000n\000\040\000G\000a\000t\000e}{}% 21
\BOOKMARK [1][-]{section.5.1}{\376\377\000P\000u\000r\000p\000o\000s\000e}{chapter.5}% 22
\BOOKMARK [1][-]{section.5.2}{\376\377\000E\000x\000p\000e\000r\000i\000m\000e\000n\000t\000a\000l\000\040\000d\000e\000s\000i\000g\000n}{chapter.5}% 23
\BOOKMARK [2][-]{subsection.5.2.1}{\376\377\000C\000o\000n\000f\000i\000g\000u\000r\000a\000t\000i\000o\000n\000\040\000g\000r\000i\000d}{section.5.2}% 24
\BOOKMARK [2][-]{subsection.5.2.2}{\376\377\000M\000o\000n\000t\000e\000\040\000C\000a\000r\000l\000o\000\040\000p\000r\000o\000t\000o\000c\000o\000l}{section.5.2}% 25
\BOOKMARK [2][-]{subsection.5.2.3}{\376\377\000H\000y\000p\000o\000t\000h\000e\000s\000i\000s\000\040\000t\000e\000s\000t\000s}{section.5.2}% 26
\BOOKMARK [2][-]{subsection.5.2.4}{\376\377\000A\000u\000x\000i\000l\000i\000a\000r\000y\000\040\000c\000h\000e\000c\000k\000s\000\040\000\050\000c\000h\000e\000c\000k\000s\000.\000j\000s\000o\000n\000\051}{section.5.2}% 27
\BOOKMARK [1][-]{section.5.3}{\376\377\000R\000e\000s\000u\000l\000t\000s}{chapter.5}% 28
\BOOKMARK [2][-]{subsection.5.3.1}{\376\377\000G\000a\000t\000e\000\040\000d\000e\000c\000i\000s\000i\000o\000n}{section.5.3}% 29
\BOOKMARK [2][-]{subsection.5.3.2}{\376\377\000M\000o\000m\000e\000n\000t\000\040\000a\000c\000c\000u\000r\000a\000c\000y}{section.5.3}% 30
\BOOKMARK [2][-]{subsection.5.3.3}{\376\377\000A\000u\000x\000i\000l\000i\000a\000r\000y\000\040\000c\000h\000e\000c\000k\000\040\000h\000i\000g\000h\000l\000i\000g\000h\000t\000s}{section.5.3}% 31
\BOOKMARK [2][-]{subsection.5.3.4}{\376\377\000I\000n\000t\000e\000r\000p\000r\000e\000t\000a\000t\000i\000o\000n\000\040\000o\000f\000\040\0001\000A}{section.5.3}% 32
\BOOKMARK [0][-]{chapter.6}{\376\377\000E\000x\000p\000e\000r\000i\000m\000e\000n\000t\000\040\0001\000B\000:\000\040\000D\000i\000s\000c\000o\000v\000e\000r\000y\000\040\000A\000t\000l\000a\000s}{}% 33
\BOOKMARK [1][-]{section.6.1}{\376\377\000P\000u\000r\000p\000o\000s\000e}{chapter.6}% 34
\BOOKMARK [1][-]{section.6.2}{\376\377\000R\000e\000f\000e\000r\000e\000n\000c\000e\000\040\000g\000e\000o\000m\000e\000t\000r\000y\000\040\000a\000n\000d\000\040\000g\000r\000i\000d}{chapter.6}% 35
\BOOKMARK [1][-]{section.6.3}{\376\377\000M\000e\000a\000s\000u\000r\000e\000m\000e\000n\000t\000\040\000s\000t\000r\000a\000t\000a}{chapter.6}% 36
\BOOKMARK [1][-]{section.6.4}{\376\377\000A\000n\000a\000l\000y\000s\000i\000s\000\040\000p\000i\000p\000e\000l\000i\000n\000e}{chapter.6}% 37
\BOOKMARK [1][-]{section.6.5}{\376\377\000P\000i\000l\000o\000t\000\040\000t\000h\000r\000e\000s\000h\000o\000l\000d\000s}{chapter.6}% 38
\BOOKMARK [0][-]{chapter.7}{\376\377\000E\000x\000p\000e\000r\000i\000m\000e\000n\000t\000\040\0001\000B\000\040\000R\000e\000s\000u\000l\000t\000s}{}% 39
\BOOKMARK [1][-]{section.7.1}{\376\377\000G\000l\000o\000b\000a\000l\000\040\000l\000a\000b\000e\000l\000\040\000h\000i\000s\000t\000o\000g\000r\000a\000m}{chapter.7}% 40
\BOOKMARK [1][-]{section.7.2}{\376\377\000S\000y\000n\000t\000h\000e\000t\000i\000c\000\040\000v\000s\000.\000\040\000r\000e\000a\000l\000\040\000a\000c\000t\000i\000v\000a\000t\000i\000o\000n\000s}{chapter.7}% 41
\BOOKMARK [1][-]{section.7.3}{\376\377\000R\000e\000f\000e\000r\000e\000n\000c\000e\000\040\000s\000t\000r\000a\000t\000u\000m\000\040\000d\000e\000e\000p\000\040\000d\000i\000v\000e}{chapter.7}% 42
\BOOKMARK [1][-]{section.7.4}{\376\377\000L\000o\000g\000i\000t\000\040\000m\000o\000m\000e\000n\000t\000s\000\040\000i\000n\000s\000i\000d\000e\000\040\000t\000h\000e\000\040\0001\000B\000\040\000f\000o\000r\000w\000a\000r\000d\000\040\000p\000a\000s\000s}{chapter.7}% 43
\BOOKMARK [1][-]{section.7.5}{\376\377\000P\000h\000a\000s\000e\000-\000m\000a\000p\000\040\000v\000i\000s\000u\000a\000l\000i\000z\000a\000t\000i\000o\000n}{chapter.7}% 44
\BOOKMARK [1][-]{section.7.6}{\376\377\000L\000a\000b\000e\000l\000\040\000s\000t\000a\000b\000i\000l\000i\000t\000y\000\040\000u\000n\000d\000e\000r\000\040\000t\000h\000r\000e\000s\000h\000o\000l\000d\000\040\000p\000e\000r\000t\000u\000r\000b\000a\000t\000i\000o\000n}{chapter.7}% 45
\BOOKMARK [0][-]{chapter.8}{\376\377\000E\000x\000p\000e\000r\000i\000m\000e\000n\000t\000\040\0001\000C\000:\000\040\000A\000d\000a\000p\000t\000i\000v\000e\000\040\000R\000e\000f\000i\000n\000e\000m\000e\000n\000t\000\040\000a\000n\000d\000\040\000T\000r\000a\000n\000s\000f\000e\000r}{}% 46
\BOOKMARK [1][-]{section.8.1}{\376\377\000P\000u\000r\000p\000o\000s\000e}{chapter.8}% 47
\BOOKMARK [1][-]{section.8.2}{\376\377\000C\000o\000m\000p\000u\000t\000e\000\040\000t\000h\000a\000t\000\040\000w\000a\000s\000\040\000m\000e\000r\000g\000e\000d}{chapter.8}% 48
\BOOKMARK [1][-]{section.8.3}{\376\377\000S\000u\000r\000r\000o\000g\000a\000t\000e\000\040\000h\000e\000l\000d\000-\000o\000u\000t\000\040\000m\000e\000t\000r\000i\000c\000s}{chapter.8}% 49
\BOOKMARK [1][-]{section.8.4}{\376\377\000A\000d\000a\000p\000t\000i\000v\000e\000-\000c\000e\000l\000l\000\040\000l\000a\000b\000e\000l\000s}{chapter.8}% 50
\BOOKMARK [1][-]{section.8.5}{\376\377\000H\000o\000w\000\040\000t\000h\000e\000\040\000p\000o\000r\000t\000f\000o\000l\000i\000o\000\040\000w\000a\000s\000\040\000f\000r\000o\000z\000e\000n}{chapter.8}% 51
\BOOKMARK [1][-]{section.8.6}{\376\377\000L\000a\000b\000e\000l\000\040\000s\000e\000n\000s\000i\000t\000i\000v\000i\000t\000y}{chapter.8}% 52
\BOOKMARK [0][-]{chapter.9}{\376\377\000E\000x\000p\000e\000r\000i\000m\000e\000n\000t\000\040\0001\000D\000:\000\040\000O\000n\000e\000-\000B\000l\000o\000c\000k\000\040\000T\000r\000a\000i\000n\000a\000b\000i\000l\000i\000t\000y}{}% 53
\BOOKMARK [1][-]{section.9.1}{\376\377\000P\000u\000r\000p\000o\000s\000e}{chapter.9}% 54
\BOOKMARK [1][-]{section.9.2}{\376\377\000F\000r\000o\000z\000e\000n\000\040\000s\000e\000l\000e\000c\000t\000i\000o\000n}{chapter.9}% 55
\BOOKMARK [1][-]{section.9.3}{\376\377\000s\000\040\000d\000o\000e\000s\000\040\000n\000o\000t\000\040\000t\000r\000a\000n\000s\000f\000e\000r\000\040\000a\000c\000r\000o\000s\000s\000\040\000\050\000d\000,\000\040\000m\000\051}{chapter.9}% 56
\BOOKMARK [1][-]{section.9.4}{\376\377\000T\000r\000a\000i\000n\000i\000n\000g\000\040\000p\000r\000o\000t\000o\000c\000o\000l}{chapter.9}% 57
\BOOKMARK [1][-]{section.9.5}{\376\377\000P\000r\000i\000m\000a\000r\000y\000\040\000g\000a\000t\000e}{chapter.9}% 58
\BOOKMARK [0][-]{chapter.10}{\376\377\000E\000x\000p\000e\000r\000i\000m\000e\000n\000t\000\040\0001\000D\000\040\000R\000e\000s\000u\000l\000t\000s}{}% 59
\BOOKMARK [1][-]{section.10.1}{\376\377\000A\000s\000s\000o\000c\000i\000a\000t\000i\000v\000e\000\040\000r\000e\000c\000a\000l\000l\000\040\000i\000s\000\040\000n\000o\000t\000\040\000a\000\040\000d\000i\000s\000c\000r\000i\000m\000i\000n\000a\000t\000i\000n\000g\000\040\000p\000r\000o\000b\000e}{chapter.10}% 60
\BOOKMARK [1][-]{section.10.2}{\376\377\000T\000i\000n\000y\000S\000t\000o\000r\000i\000e\000s\000:\000\040\000h\000i\000g\000h\000-\000s\000c\000a\000l\000e\000\040\000p\000a\000t\000h\000o\000l\000o\000g\000y\000\040\000t\000r\000a\000i\000n\000s\000\040\000w\000o\000r\000s\000e}{chapter.10}% 61
\BOOKMARK [1][-]{section.10.3}{\376\377\000W\000h\000a\000t\000\040\0001\000D\000\040\000m\000a\000y\000\040\000a\000n\000d\000\040\000m\000a\000y\000\040\000n\000o\000t\000\040\000c\000l\000a\000i\000m}{chapter.10}% 62
\BOOKMARK [0][-]{chapter.11}{\376\377\000S\000y\000n\000t\000h\000e\000s\000i\000s\000\040\000a\000n\000d\000\040\000S\000c\000i\000e\000n\000t\000i\000f\000i\000c\000\040\000R\000e\000a\000d\000i\000n\000g}{}% 63
\BOOKMARK [1][-]{section.11.1}{\376\377\000W\000h\000a\000t\000\040\0001\000A\000\040\000e\000s\000t\000a\000b\000l\000i\000s\000h\000e\000d}{chapter.11}% 64
\BOOKMARK [1][-]{section.11.2}{\376\377\000W\000h\000a\000t\000\040\0001\000B\000\040\000e\000s\000t\000a\000b\000l\000i\000s\000h\000e\000d}{chapter.11}% 65
\BOOKMARK [1][-]{section.11.3}{\376\377\000W\000h\000a\000t\000\040\0001\000C\000\040\000e\000s\000t\000a\000b\000l\000i\000s\000h\000e\000d}{chapter.11}% 66
\BOOKMARK [1][-]{section.11.4}{\376\377\000W\000h\000a\000t\000\040\0001\000D\000\040\000e\000s\000t\000a\000b\000l\000i\000s\000h\000e\000d}{chapter.11}% 67
\BOOKMARK [1][-]{section.11.5}{\376\377\000W\000h\000a\000t\000\040\000i\000s\000\040\000n\000o\000t\000\040\000y\000e\000t\000\040\000e\000s\000t\000a\000b\000l\000i\000s\000h\000e\000d}{chapter.11}% 68
\BOOKMARK [1][-]{section.11.6}{\376\377\000A\000\040\000c\000a\000n\000d\000i\000d\000a\000t\000e\000\040\000p\000a\000p\000e\000r\000\040\000s\000p\000i\000n\000e}{chapter.11}% 69
\BOOKMARK [0][-]{chapter.12}{\376\377\000L\000i\000m\000i\000t\000a\000t\000i\000o\000n\000s\000\040\000a\000n\000d\000\040\000P\000r\000o\000v\000e\000n\000a\000n\000c\000e}{}% 70
\BOOKMARK [0][-]{chapter.13}{\376\377\000R\000e\000c\000o\000m\000m\000e\000n\000d\000e\000d\000\040\000N\000e\000x\000t\000\040\000S\000t\000e\000p\000s}{}% 71
\BOOKMARK [0][-]{appendix.A}{\376\377\000H\000o\000l\000m\040\023\000B\000o\000n\000f\000e\000r\000r\000o\000n\000i\000\040\000r\000e\000m\000i\000n\000d\000e\000r}{}% 72
\BOOKMARK [0][-]{appendix.B}{\376\377\000B\000o\000o\000t\000s\000t\000r\000a\000p\000\040\000p\000r\000o\000c\000e\000d\000u\000r\000e\000\040\000i\000n\000\040\0001\000B}{}% 73
\BOOKMARK [0][-]{appendix.C}{\376\377\0001\000D\000\040\000p\000a\000i\000r\000e\000d\000\040\000b\000o\000o\000t\000s\000t\000r\000a\000p}{}% 74
